// Jest Snapshot v1, https://goo.gl/fbAQLP

exports[`내가 원하는데로 그려지는지 테스트 하기 1`] = `
<div>
  <div>
    철수는 15살 입니다
  </div>
  철수의 취미 입력하기: 
  <input
    type="text"
  />
  <button>
    철수랑 놀러가기
  </button>
</div>
`;
